Warning messages:
1: package 'data.table' was built under R version 4.4.3 
2: package 'Matrix' was built under R version 4.4.3 
3: package 'Seurat' was built under R version 4.4.3 
4: package 'SeuratObject' was built under R version 4.4.3 
5: package 'sp' was built under R version 4.4.3 
6: package 'Rcpp' was built under R version 4.4.3 
7: package 'RANN' was built under R version 4.4.3 
Merging dataset 2 into 1
Extracting anchors for merged samples
Finding integration vectors
Finding integration vector weights
0%   10   20   30   40   50   60   70   80   90   100%
[----|----|----|----|----|----|----|----|----|----|
**************************************************|
Integrating data
Warning: Layer counts isn't present in the assay object; returning NULL
Merging dataset 3 into 1 2
Extracting anchors for merged samples
Finding integration vectors
Warning: Different cells in new layer data than already exists for scale.data
Finding integration vector weights
0%   10   20   30   40   50   60   70   80   90   100%
[----|----|----|----|----|----|----|----|----|----|
**************************************************|
Integrating data
Warning: Layer counts isn't present in the assay object; returning NULL
Merging dataset 4 into 1 2 3
Extracting anchors for merged samples
Finding integration vectors
Warning: Different cells in new layer data than already exists for scale.data
Finding integration vector weights
0%   10   20   30   40   50   60   70   80   90   100%
[----|----|----|----|----|----|----|----|----|----|
**************************************************|
Integrating data
Warning: Layer counts isn't present in the assay object; returning NULL
Merging dataset 5 into 1 2 3 4
Extracting anchors for merged samples
Finding integration vectors
Warning: Different cells in new layer data than already exists for scale.data
Finding integration vector weights
0%   10   20   30   40   50   60   70   80   90   100%
[----|----|----|----|----|----|----|----|----|----|
**************************************************|
Integrating data
Warning: Layer counts isn't present in the assay object; returning NULL
Merging dataset 6 into 1 2 3 4 5
Extracting anchors for merged samples
Finding integration vectors
Warning: Different cells in new layer data than already exists for scale.data
Finding integration vector weights
0%   10   20   30   40   50   60   70   80   90   100%
[----|----|----|----|----|----|----|----|----|----|
**************************************************|
Integrating data
Warning: Layer counts isn't present in the assay object; returning NULL
Merging dataset 7 into 1 2 3 4 5 6
Extracting anchors for merged samples
Finding integration vectors
Warning: Different cells in new layer data than already exists for scale.data
Finding integration vector weights
0%   10   20   30   40   50   60   70   80   90   100%
[----|----|----|----|----|----|----|----|----|----|
**************************************************|
Integrating data
Warning: Layer counts isn't present in the assay object; returning NULL
Merging dataset 8 into 1 2 3 4 5 6 7
Extracting anchors for merged samples
Finding integration vectors
Warning: Different cells in new layer data than already exists for scale.data
Finding integration vector weights
0%   10   20   30   40   50   60   70   80   90   100%
[----|----|----|----|----|----|----|----|----|----|
**************************************************|
Integrating data
Warning: Layer counts isn't present in the assay object; returning NULL
Merging dataset 9 into 1 2 3 4 5 6 7 8
Extracting anchors for merged samples
Finding integration vectors
Warning: Different cells in new layer data than already exists for scale.data
Finding integration vector weights
0%   10   20   30   40   50   60   70   80   90   100%
[----|----|----|----|----|----|----|----|----|----|
**************************************************|
Integrating data
Warning: Layer counts isn't present in the assay object; returning NULL
Merging dataset 10 into 1 2 3 4 5 6 7 8 9
Extracting anchors for merged samples
Finding integration vectors
Warning: Different cells in new layer data than already exists for scale.data
Finding integration vector weights
0%   10   20   30   40   50   60   70   80   90   100%
[----|----|----|----|----|----|----|----|----|----|
**************************************************|
Integrating data
Warning: Layer counts isn't present in the assay object; returning NULL
Merging dataset 11 into 1 2 3 4 5 6 7 8 9 10
Extracting anchors for merged samples
Finding integration vectors
Warning: Different cells in new layer data than already exists for scale.data
Finding integration vector weights
0%   10   20   30   40   50   60   70   80   90   100%
[----|----|----|----|----|----|----|----|----|----|
**************************************************|
Integrating data
Warning: Layer counts isn't present in the assay object; returning NULL
Merging dataset 12 into 1 2 3 4 5 6 7 8 9 10 11
Extracting anchors for merged samples
Finding integration vectors
Warning: Different cells in new layer data than already exists for scale.data
Finding integration vector weights
0%   10   20   30   40   50   60   70   80   90   100%
[----|----|----|----|----|----|----|----|----|----|
**************************************************|
Integrating data
Warning: Layer counts isn't present in the assay object; returning NULL
Merging dataset 13 into 1 2 3 4 5 6 7 8 9 10 11 12
Extracting anchors for merged samples
Finding integration vectors
Warning: Different cells in new layer data than already exists for scale.data
Finding integration vector weights
0%   10   20   30   40   50   60   70   80   90   100%
[----|----|----|----|----|----|----|----|----|----|
**************************************************|
Integrating data
Warning: Layer counts isn't present in the assay object; returning NULL
Merging dataset 14 into 1 2 3 4 5 6 7 8 9 10 11 12 13
Extracting anchors for merged samples
Finding integration vectors
Warning: Different cells in new layer data than already exists for scale.data
Finding integration vector weights
0%   10   20   30   40   50   60   70   80   90   100%
[----|----|----|----|----|----|----|----|----|----|
**************************************************|
Integrating data
Warning: Layer counts isn't present in the assay object; returning NULL
Merging dataset 15 into 1 2 3 4 5 6 7 8 9 10 11 12 13 14
Extracting anchors for merged samples
Finding integration vectors
Warning: Different cells in new layer data than already exists for scale.data
Finding integration vector weights
0%   10   20   30   40   50   60   70   80   90   100%
[----|----|----|----|----|----|----|----|----|----|
**************************************************|
Integrating data
Warning: Layer counts isn't present in the assay object; returning NULL
Merging dataset 16 into 1 2 3 4 5 6 7 8 9 10 11 12 13 14 15
Extracting anchors for merged samples
Finding integration vectors
Warning: Different cells in new layer data than already exists for scale.data
Finding integration vector weights
0%   10   20   30   40   50   60   70   80   90   100%
[----|----|----|----|----|----|----|----|----|----|
**************************************************|
Integrating data
Warning: Layer counts isn't present in the assay object; returning NULL
Merging dataset 17 into 1 2 3 4 5 6 7 8 9 10 11 12 13 14 15 16
Extracting anchors for merged samples
Finding integration vectors
Warning: Different cells in new layer data than already exists for scale.data
Finding integration vector weights
0%   10   20   30   40   50   60   70   80   90   100%
[----|----|----|----|----|----|----|----|----|----|
**************************************************|
Integrating data
Warning: Layer counts isn't present in the assay object; returning NULL
Merging dataset 18 into 1 2 3 4 5 6 7 8 9 10 11 12 13 14 15 16 17
Extracting anchors for merged samples
Finding integration vectors
Warning: Different cells in new layer data than already exists for scale.data
Finding integration vector weights
0%   10   20   30   40   50   60   70   80   90   100%
[----|----|----|----|----|----|----|----|----|----|
**************************************************|
Integrating data
Warning: Layer counts isn't present in the assay object; returning NULL
Merging dataset 19 into 1 2 3 4 5 6 7 8 9 10 11 12 13 14 15 16 17 18
Extracting anchors for merged samples
Finding integration vectors
Warning: Different cells in new layer data than already exists for scale.data
Finding integration vector weights
0%   10   20   30   40   50   60   70   80   90   100%
[----|----|----|----|----|----|----|----|----|----|
**************************************************|
Integrating data
Warning: Layer counts isn't present in the assay object; returning NULL
Merging dataset 20 into 1 2 3 4 5 6 7 8 9 10 11 12 13 14 15 16 17 18 19
Extracting anchors for merged samples
Finding integration vectors
Warning: Different cells in new layer data than already exists for scale.data
Finding integration vector weights
0%   10   20   30   40   50   60   70   80   90   100%
[----|----|----|----|----|----|----|----|----|----|
**************************************************|
Integrating data
Warning: Layer counts isn't present in the assay object; returning NULL
Merging dataset 21 into 1 2 3 4 5 6 7 8 9 10 11 12 13 14 15 16 17 18 19 20
Extracting anchors for merged samples
Finding integration vectors
Warning: Different cells in new layer data than already exists for scale.data
Finding integration vector weights
0%   10   20   30   40   50   60   70   80   90   100%
[----|----|----|----|----|----|----|----|----|----|
**************************************************|
Integrating data
Warning: Layer counts isn't present in the assay object; returning NULL
Merging dataset 22 into 1 2 3 4 5 6 7 8 9 10 11 12 13 14 15 16 17 18 19 20 21
Extracting anchors for merged samples
Finding integration vectors
Warning: Different cells in new layer data than already exists for scale.data
Finding integration vector weights
0%   10   20   30   40   50   60   70   80   90   100%
[----|----|----|----|----|----|----|----|----|----|
**************************************************|
Integrating data
Warning: Layer counts isn't present in the assay object; returning NULL
Merging dataset 23 into 1 2 3 4 5 6 7 8 9 10 11 12 13 14 15 16 17 18 19 20 21 22
Extracting anchors for merged samples
Finding integration vectors
Warning: Different cells in new layer data than already exists for scale.data
Finding integration vector weights
0%   10   20   30   40   50   60   70   80   90   100%
[----|----|----|----|----|----|----|----|----|----|
**************************************************|
Integrating data
Warning: Layer counts isn't present in the assay object; returning NULL
Merging dataset 24 into 1 2 3 4 5 6 7 8 9 10 11 12 13 14 15 16 17 18 19 20 21 22 23
Extracting anchors for merged samples
Finding integration vectors
Warning: Different cells in new layer data than already exists for scale.data
Finding integration vector weights
0%   10   20   30   40   50   60   70   80   90   100%
[----|----|----|----|----|----|----|----|----|----|
**************************************************|
Integrating data
Warning: Layer counts isn't present in the assay object; returning NULL
Merging dataset 25 into 1 2 3 4 5 6 7 8 9 10 11 12 13 14 15 16 17 18 19 20 21 22 23 24
Extracting anchors for merged samples
Finding integration vectors
Warning: Different cells in new layer data than already exists for scale.data
Finding integration vector weights
0%   10   20   30   40   50   60   70   80   90   100%
[----|----|----|----|----|----|----|----|----|----|
**************************************************|
Integrating data
Warning: Layer counts isn't present in the assay object; returning NULL
Merging dataset 26 into 1 2 3 4 5 6 7 8 9 10 11 12 13 14 15 16 17 18 19 20 21 22 23 24 25
Extracting anchors for merged samples
Finding integration vectors
Warning: Different cells in new layer data than already exists for scale.data
Finding integration vector weights
0%   10   20   30   40   50   60   70   80   90   100%
[----|----|----|----|----|----|----|----|----|----|
**************************************************|
Integrating data
Warning: Layer counts isn't present in the assay object; returning NULL
Merging dataset 27 into 1 2 3 4 5 6 7 8 9 10 11 12 13 14 15 16 17 18 19 20 21 22 23 24 25 26
Extracting anchors for merged samples
