[2026-07-19 17:24:09] Computing unintegrated RNA PCA for batch audit
[2026-07-19 17:29:25] Running final post-mitochondrial-QC memory-bounded RPCA integration
[2026-07-19 17:30:23] final normalizing sample GSM6213956
[2026-07-19 17:30:24] final normalizing sample GSM6213957
[2026-07-19 17:30:26] final normalizing sample GSM6213958
[2026-07-19 17:30:28] final normalizing sample GSM6213959
[2026-07-19 17:30:30] final normalizing sample GSM6213960
[2026-07-19 17:30:32] final normalizing sample GSM6213961
[2026-07-19 17:30:36] final normalizing sample GSM6213962
[2026-07-19 17:30:38] final normalizing sample GSM6213963
[2026-07-19 17:30:40] final normalizing sample GSM6213964
[2026-07-19 17:30:41] final normalizing sample GSM6213965
[2026-07-19 17:30:44] final normalizing sample GSM6213966
[2026-07-19 17:30:46] final normalizing sample GSM6213967
[2026-07-19 17:30:48] final normalizing sample GSM6213968
[2026-07-19 17:30:50] final normalizing sample GSM6213969
[2026-07-19 17:30:52] final normalizing sample GSM6213970
[2026-07-19 17:30:54] final normalizing sample GSM6213971
[2026-07-19 17:30:57] final normalizing sample GSM6213972
[2026-07-19 17:30:59] final normalizing sample GSM6213973
[2026-07-19 17:31:00] final normalizing sample GSM6213974
[2026-07-19 17:31:03] final normalizing sample GSM6213975
[2026-07-19 17:31:04] final normalizing sample GSM6213976
[2026-07-19 17:31:07] final normalizing sample GSM6213977
[2026-07-19 17:31:09] final normalizing sample GSM6213978
[2026-07-19 17:31:11] final normalizing sample GSM6213979
[2026-07-19 17:31:12] final normalizing sample GSM6213980
[2026-07-19 17:31:15] final normalizing sample GSM6213981
[2026-07-19 17:31:16] final normalizing sample GSM6213982
[2026-07-19 17:31:18] final normalizing sample GSM6213983
[2026-07-19 17:31:20] final normalizing sample GSM6213984
[2026-07-19 17:31:21] final normalizing sample GSM6213985
[2026-07-19 17:31:23] final normalizing sample GSM6213986
[2026-07-19 17:31:25] final normalizing sample GSM6213987
[2026-07-19 17:31:26] final normalizing sample GSM6213988
[2026-07-19 17:31:28] final normalizing sample GSM6213989
[2026-07-19 17:31:31] final normalizing sample GSM6213990
[2026-07-19 17:31:33] final normalizing sample GSM6213991
[2026-07-19 17:31:35] final normalizing sample GSM6213992
[2026-07-19 17:31:37] final normalizing sample GSM6213993
[2026-07-19 17:31:38] final normalizing sample GSM6213994
[2026-07-19 17:31:41] final normalizing sample GSM6213995
[2026-07-19 17:37:53] final finding RPCA anchors
[2026-07-19 18:57:52] final integrating data
Modularity Optimizer version 1.3.0 by Ludo Waltman and Nees Jan van Eck

Number of nodes: 166624
Number of edges: 6211257

Running Louvain algorithm...
Maximum modularity in 10 random starts: 0.9043
Number of communities: 35
Elapsed time: 67 seconds
[2026-07-19 20:34:32] Restoring all RNA genes after final light RPCA integration
[2026-07-19 20:35:41] Saved final RPCA checkpoint before marker analysis
[2026-07-19 20:35:41] Calculating final all-cell RNA markers
[2026-07-19 20:37:57] Final post-mitochondrial-QC RPCA atlas complete
