[2026-07-19 20:38:16] Reclustering compartment T/I/NK
Modularity Optimizer version 1.3.0 by Ludo Waltman and Nees Jan van Eck

Number of nodes: 32392
Number of edges: 1087294

Running Louvain algorithm...
Maximum modularity in 10 random starts: 0.9201
Number of communities: 8
Elapsed time: 4 seconds
Modularity Optimizer version 1.3.0 by Ludo Waltman and Nees Jan van Eck

Number of nodes: 32392
Number of edges: 1087294

Running Louvain algorithm...
Maximum modularity in 10 random starts: 0.8906
Number of communities: 12
Elapsed time: 5 seconds
Modularity Optimizer version 1.3.0 by Ludo Waltman and Nees Jan van Eck

Number of nodes: 32392
Number of edges: 1087294

Running Louvain algorithm...
Maximum modularity in 10 random starts: 0.8718
Number of communities: 15
Elapsed time: 5 seconds
Modularity Optimizer version 1.3.0 by Ludo Waltman and Nees Jan van Eck

Number of nodes: 32392
Number of edges: 1087294

Running Louvain algorithm...
Maximum modularity in 10 random starts: 0.8556
Number of communities: 17
Elapsed time: 5 seconds
Modularity Optimizer version 1.3.0 by Ludo Waltman and Nees Jan van Eck

Number of nodes: 32392
Number of edges: 1087294

Running Louvain algorithm...
Maximum modularity in 10 random starts: 0.8414
Number of communities: 20
Elapsed time: 5 seconds
[2026-07-19 20:41:14] Calculating markers for T/I/NK
[2026-07-19 20:41:26] Reclustering compartment B
Modularity Optimizer version 1.3.0 by Ludo Waltman and Nees Jan van Eck

Number of nodes: 23464
Number of edges: 779362

Running Louvain algorithm...
Maximum modularity in 10 random starts: 0.9379
Number of communities: 8
Elapsed time: 2 seconds
Modularity Optimizer version 1.3.0 by Ludo Waltman and Nees Jan van Eck

Number of nodes: 23464
Number of edges: 779362

Running Louvain algorithm...
Maximum modularity in 10 random starts: 0.9086
Number of communities: 12
Elapsed time: 3 seconds
Modularity Optimizer version 1.3.0 by Ludo Waltman and Nees Jan van Eck

Number of nodes: 23464
Number of edges: 779362

Running Louvain algorithm...
Maximum modularity in 10 random starts: 0.8877
Number of communities: 13
Elapsed time: 3 seconds
Modularity Optimizer version 1.3.0 by Ludo Waltman and Nees Jan van Eck

Number of nodes: 23464
Number of edges: 779362

Running Louvain algorithm...
Maximum modularity in 10 random starts: 0.8669
Number of communities: 13
Elapsed time: 2 seconds
Modularity Optimizer version 1.3.0 by Ludo Waltman and Nees Jan van Eck

Number of nodes: 23464
Number of edges: 779362

Running Louvain algorithm...
Maximum modularity in 10 random starts: 0.8499
Number of communities: 19
Elapsed time: 2 seconds
[2026-07-19 20:43:31] Calculating markers for B
[2026-07-19 20:43:40] Reclustering compartment Myeloid
Modularity Optimizer version 1.3.0 by Ludo Waltman and Nees Jan van Eck

Number of nodes: 9605
Number of edges: 360873

Running Louvain algorithm...
Maximum modularity in 10 random starts: 0.9276
Number of communities: 12
Elapsed time: 0 seconds
Modularity Optimizer version 1.3.0 by Ludo Waltman and Nees Jan van Eck

Number of nodes: 9605
Number of edges: 360873

Running Louvain algorithm...
Maximum modularity in 10 random starts: 0.8994
Number of communities: 15
Elapsed time: 1 seconds
Modularity Optimizer version 1.3.0 by Ludo Waltman and Nees Jan van Eck

Number of nodes: 9605
Number of edges: 360873

Running Louvain algorithm...
Maximum modularity in 10 random starts: 0.8785
Number of communities: 16
Elapsed time: 0 seconds
Modularity Optimizer version 1.3.0 by Ludo Waltman and Nees Jan van Eck

Number of nodes: 9605
Number of edges: 360873

Running Louvain algorithm...
Maximum modularity in 10 random starts: 0.8594
Number of communities: 18
Elapsed time: 0 seconds
Modularity Optimizer version 1.3.0 by Ludo Waltman and Nees Jan van Eck

Number of nodes: 9605
Number of edges: 360873

Running Louvain algorithm...
Maximum modularity in 10 random starts: 0.8461
Number of communities: 22
Elapsed time: 0 seconds
[2026-07-19 20:44:49] Calculating markers for Myeloid
[2026-07-19 20:44:55] Reclustering compartment Endothelial
Modularity Optimizer version 1.3.0 by Ludo Waltman and Nees Jan van Eck

Number of nodes: 15163
Number of edges: 556764

Running Louvain algorithm...
Maximum modularity in 10 random starts: 0.9281
Number of communities: 11
Elapsed time: 1 seconds
Modularity Optimizer version 1.3.0 by Ludo Waltman and Nees Jan van Eck

Number of nodes: 15163
Number of edges: 556764

Running Louvain algorithm...
Maximum modularity in 10 random starts: 0.9001
Number of communities: 15
Elapsed time: 1 seconds
Modularity Optimizer version 1.3.0 by Ludo Waltman and Nees Jan van Eck

Number of nodes: 15163
Number of edges: 556764

Running Louvain algorithm...
Maximum modularity in 10 random starts: 0.8808
Number of communities: 17
Elapsed time: 1 seconds
Modularity Optimizer version 1.3.0 by Ludo Waltman and Nees Jan van Eck

Number of nodes: 15163
Number of edges: 556764

Running Louvain algorithm...
Maximum modularity in 10 random starts: 0.8644
Number of communities: 18
Elapsed time: 1 seconds
Modularity Optimizer version 1.3.0 by Ludo Waltman and Nees Jan van Eck

Number of nodes: 15163
Number of edges: 556764

Running Louvain algorithm...
Maximum modularity in 10 random starts: 0.8497
Number of communities: 20
Elapsed time: 2 seconds
[2026-07-19 20:46:25] Calculating markers for Endothelial
[2026-07-19 20:46:34] Reclustering compartment Fibroblast
Modularity Optimizer version 1.3.0 by Ludo Waltman and Nees Jan van Eck

Number of nodes: 8645
Number of edges: 333415

Running Louvain algorithm...
Maximum modularity in 10 random starts: 0.9518
Number of communities: 11
Elapsed time: 0 seconds
Modularity Optimizer version 1.3.0 by Ludo Waltman and Nees Jan van Eck

Number of nodes: 8645
Number of edges: 333415

Running Louvain algorithm...
Maximum modularity in 10 random starts: 0.9235
Number of communities: 17
Elapsed time: 0 seconds
Modularity Optimizer version 1.3.0 by Ludo Waltman and Nees Jan van Eck

Number of nodes: 8645
Number of edges: 333415

Running Louvain algorithm...
Maximum modularity in 10 random starts: 0.9053
Number of communities: 18
Elapsed time: 0 seconds
Modularity Optimizer version 1.3.0 by Ludo Waltman and Nees Jan van Eck

Number of nodes: 8645
Number of edges: 333415

Running Louvain algorithm...
Maximum modularity in 10 random starts: 0.8882
Number of communities: 19
Elapsed time: 0 seconds
Modularity Optimizer version 1.3.0 by Ludo Waltman and Nees Jan van Eck

Number of nodes: 8645
Number of edges: 333415

Running Louvain algorithm...
Maximum modularity in 10 random starts: 0.8729
Number of communities: 19
Elapsed time: 0 seconds
[2026-07-19 20:47:37] Calculating markers for Fibroblast
[2026-07-19 20:47:43] Reclustering compartment Epithelial
Modularity Optimizer version 1.3.0 by Ludo Waltman and Nees Jan van Eck

Number of nodes: 77355
Number of edges: 2630170

Running Louvain algorithm...
Maximum modularity in 10 random starts: 0.9352
Number of communities: 10
Elapsed time: 22 seconds
Modularity Optimizer version 1.3.0 by Ludo Waltman and Nees Jan van Eck

Number of nodes: 77355
Number of edges: 2630170

Running Louvain algorithm...
Maximum modularity in 10 random starts: 0.9115
Number of communities: 15
Elapsed time: 23 seconds
Modularity Optimizer version 1.3.0 by Ludo Waltman and Nees Jan van Eck

Number of nodes: 77355
Number of edges: 2630170

Running Louvain algorithm...
Maximum modularity in 10 random starts: 0.8940
Number of communities: 17
Elapsed time: 23 seconds
Modularity Optimizer version 1.3.0 by Ludo Waltman and Nees Jan van Eck

Number of nodes: 77355
Number of edges: 2630170

Running Louvain algorithm...
Maximum modularity in 10 random starts: 0.8813
Number of communities: 21
Elapsed time: 23 seconds
Modularity Optimizer version 1.3.0 by Ludo Waltman and Nees Jan van Eck

Number of nodes: 77355
Number of edges: 2630170

Running Louvain algorithm...
Maximum modularity in 10 random starts: 0.8680
Number of communities: 22
Elapsed time: 20 seconds
[2026-07-19 20:56:41] Calculating markers for Epithelial
[2026-07-19 20:57:23] All six compartment objects complete; no whole cluster deleted
