2026-07-05T02:16:20+0800	start	running	Formal Fig4A GSE306459 snATAC workflow 
2026-07-05T02:16:30+0800	read_library	running	CRNO1; fragment_index=existing 
2026-07-05T02:16:43+0800	read_library	complete	CRNO1; cells=4185; peaks=84037 
2026-07-05T02:16:43+0800	read_library	running	CRNO2; fragment_index=existing 
2026-07-05T02:17:01+0800	read_library	complete	CRNO2; cells=10150; peaks=109416 
2026-07-05T02:17:01+0800	read_library	running	CRNO3; fragment_index=existing 
2026-07-05T02:17:21+0800	read_library	complete	CRNO3; cells=12398; peaks=65221 
2026-07-05T02:17:21+0800	read_library	running	CRNOTU1; fragment_index=existing 
2026-07-05T02:17:38+0800	read_library	complete	CRNOTU1; cells=7649; peaks=75568 
2026-07-05T02:17:38+0800	read_library	running	CRNOTU2; fragment_index=existing 
2026-07-05T02:17:47+0800	read_library	complete	CRNOTU2; cells=4469; peaks=127439 
2026-07-05T02:17:47+0800	read_library	running	CRTU1; fragment_index=existing 
2026-07-05T02:18:05+0800	read_library	complete	CRTU1; cells=9650; peaks=93964 
2026-07-05T02:18:05+0800	read_library	running	CRTU10; fragment_index=existing 
2026-07-05T02:18:15+0800	read_library	complete	CRTU10; cells=5481; peaks=76529 
2026-07-05T02:18:15+0800	read_library	running	CRTU2; fragment_index=existing 
2026-07-05T02:18:37+0800	read_library	complete	CRTU2; cells=11636; peaks=105579 
2026-07-05T02:18:37+0800	read_library	running	CRTU3; fragment_index=existing 
2026-07-05T02:18:58+0800	read_library	complete	CRTU3; cells=11576; peaks=127661 
2026-07-05T02:18:58+0800	read_library	running	CRTU4; fragment_index=existing 
2026-07-05T02:19:21+0800	read_library	complete	CRTU4; cells=9310; peaks=88813 
2026-07-05T02:19:21+0800	read_library	running	CRTU5; fragment_index=existing 
2026-07-05T02:19:41+0800	read_library	complete	CRTU5; cells=7531; peaks=82126 
2026-07-05T02:19:41+0800	read_library	running	CRTU6; fragment_index=existing 
2026-07-05T02:19:59+0800	read_library	complete	CRTU6; cells=6610; peaks=83381 
2026-07-05T02:19:59+0800	read_library	running	CRTU7; fragment_index=existing 
2026-07-05T02:20:20+0800	read_library	complete	CRTU7; cells=9080; peaks=72595 
2026-07-05T02:20:20+0800	read_library	running	CRTU8; fragment_index=existing 
2026-07-05T02:20:37+0800	read_library	complete	CRTU8; cells=8143; peaks=29308 
2026-07-05T02:20:37+0800	read_library	running	CRTU9; fragment_index=existing 
2026-07-05T02:20:48+0800	read_library	complete	CRTU9; cells=4350; peaks=106915 
2026-07-05T02:20:48+0800	merge_counts	running	libraries=15 
2026-07-05T02:26:36+0800	merge_counts	complete	cells=122218; peaks=1325265 
2026-07-05T02:26:36+0800	count_fragments	running	CRNO1 
2026-07-05T02:28:33+0800	count_fragments	columns	CB;frequency_count;mononucleosomal;nucleosome_free;reads_count 
2026-07-05T02:28:33+0800	count_fragments	complete	CRNO1; cells=4185; total_col=frequency_count 
2026-07-05T02:28:33+0800	count_fragments	running	CRNO2 
2026-07-05T02:31:28+0800	count_fragments	columns	CB;frequency_count;mononucleosomal;nucleosome_free;reads_count 
2026-07-05T02:31:28+0800	count_fragments	complete	CRNO2; cells=10150; total_col=frequency_count 
2026-07-05T02:31:28+0800	count_fragments	running	CRNO3 
2026-07-05T02:36:12+0800	count_fragments	columns	CB;frequency_count;mononucleosomal;nucleosome_free;reads_count 
2026-07-05T02:36:12+0800	count_fragments	complete	CRNO3; cells=12398; total_col=frequency_count 
2026-07-05T02:36:12+0800	count_fragments	running	CRNOTU1 
2026-07-05T02:40:31+0800	count_fragments	columns	CB;frequency_count;mononucleosomal;nucleosome_free;reads_count 
2026-07-05T02:40:31+0800	count_fragments	complete	CRNOTU1; cells=7649; total_col=frequency_count 
2026-07-05T02:40:31+0800	count_fragments	running	CRNOTU2 
2026-07-05T02:41:57+0800	count_fragments	columns	CB;frequency_count;mononucleosomal;nucleosome_free;reads_count 
2026-07-05T02:41:57+0800	count_fragments	complete	CRNOTU2; cells=4469; total_col=frequency_count 
2026-07-05T02:41:57+0800	count_fragments	running	CRTU1 
2026-07-05T02:45:42+0800	count_fragments	columns	CB;frequency_count;mononucleosomal;nucleosome_free;reads_count 
2026-07-05T02:45:42+0800	count_fragments	complete	CRTU1; cells=9650; total_col=frequency_count 
2026-07-05T02:45:42+0800	count_fragments	running	CRTU10 
2026-07-05T02:47:35+0800	count_fragments	columns	CB;frequency_count;mononucleosomal;nucleosome_free;reads_count 
2026-07-05T02:47:35+0800	count_fragments	complete	CRTU10; cells=5481; total_col=frequency_count 
2026-07-05T02:47:35+0800	count_fragments	running	CRTU2 
2026-07-05T02:51:55+0800	count_fragments	columns	CB;frequency_count;mononucleosomal;nucleosome_free;reads_count 
2026-07-05T02:51:55+0800	count_fragments	complete	CRTU2; cells=11636; total_col=frequency_count 
2026-07-05T02:51:55+0800	count_fragments	running	CRTU3 
2026-07-05T02:55:44+0800	count_fragments	columns	CB;frequency_count;mononucleosomal;nucleosome_free;reads_count 
2026-07-05T02:55:44+0800	count_fragments	complete	CRTU3; cells=11576; total_col=frequency_count 
2026-07-05T02:55:44+0800	count_fragments	running	CRTU4 
2026-07-05T03:01:20+0800	count_fragments	columns	CB;frequency_count;mononucleosomal;nucleosome_free;reads_count 
2026-07-05T03:01:20+0800	count_fragments	complete	CRTU4; cells=9310; total_col=frequency_count 
2026-07-05T03:01:20+0800	count_fragments	running	CRTU5 
2026-07-05T03:06:07+0800	count_fragments	columns	CB;frequency_count;mononucleosomal;nucleosome_free;reads_count 
2026-07-05T03:06:07+0800	count_fragments	complete	CRTU5; cells=7531; total_col=frequency_count 
2026-07-05T03:06:07+0800	count_fragments	running	CRTU6 
2026-07-05T03:10:32+0800	count_fragments	columns	CB;frequency_count;mononucleosomal;nucleosome_free;reads_count 
2026-07-05T03:10:32+0800	count_fragments	complete	CRTU6; cells=6610; total_col=frequency_count 
2026-07-05T03:10:32+0800	count_fragments	running	CRTU7 
2026-07-05T03:16:05+0800	count_fragments	columns	CB;frequency_count;mononucleosomal;nucleosome_free;reads_count 
2026-07-05T03:16:05+0800	count_fragments	complete	CRTU7; cells=9080; total_col=frequency_count 
2026-07-05T03:16:05+0800	count_fragments	running	CRTU8 
2026-07-05T03:21:43+0800	count_fragments	columns	CB;frequency_count;mononucleosomal;nucleosome_free;reads_count 
2026-07-05T03:21:43+0800	count_fragments	complete	CRTU8; cells=8143; total_col=frequency_count 
2026-07-05T03:21:43+0800	count_fragments	running	CRTU9 
2026-07-05T03:23:53+0800	count_fragments	columns	CB;frequency_count;mononucleosomal;nucleosome_free;reads_count 
2026-07-05T03:23:53+0800	count_fragments	complete	CRTU9; cells=4350; total_col=frequency_count 
2026-07-05T03:23:55+0800	create_chromatin_assay	running	cells=122218; peaks=1325265 
2026-07-05T03:24:43+0800	create_chromatin_assay	complete	cells=122218; peaks=1307563 
2026-07-05T03:24:43+0800	annotation	running	EnsDb.Hsapiens.v86 
2026-07-05T03:25:29+0800	annotation	complete	features=3021125 
2026-07-05T03:25:29+0800	qc_metrics	running	FRiP 
2026-07-05T03:25:30+0800	qc_metrics	running	NucleosomeSignal 
2026-07-05T04:17:52+0800	qc_metrics	running	TSSEnrichment 
2026-07-05T04:52:21+0800	qc_metrics	complete	cells=122218 
2026-07-05T04:52:21+0800	qc_filter	complete	before=122218; after=102419 
2026-07-05T04:52:27+0800	save_plot	complete	I:\shengxinfenxi\bioinformatics-reproduction\projects\pan-cancer-mono-mac\desktop_exchange\uploads\20260704_fig4a_gse306459_formal_snatac\pc_formal_fig4a_results/figures/fig4a_formal_qc_violin.png 
2026-07-05T04:52:45+0800	lsi_umap_cluster	running	npcs=30 
2026-07-05T04:58:18+0800	lsi_umap_cluster	complete	cells=102419; clusters=63 
2026-07-05T04:58:19+0800	gene_activity	running	GeneActivity; features=2781 
2026-07-05T05:16:10+0800	gene_activity	complete	genes=2524; cells=102419 
2026-07-05T05:16:17+0800	label_transfer	running	features=2524; reduction=pcaproject 
2026-07-05T05:18:04+0800	label_transfer	complete	labels=Activated C1QC+ TAMs;AMs;CD1C+ DCs;ISG15+ TAMs;pDCs;Resting C1QC+ TAMs;SPP1+ TAMs;THBS1+ MDSCs 
2026-07-05T05:18:08+0800	save_plot	complete	I:\shengxinfenxi\bioinformatics-reproduction\projects\pan-cancer-mono-mac\desktop_exchange\uploads\20260704_fig4a_gse306459_formal_snatac\pc_formal_fig4a_results/figures/fig4a_formal_umap_label_transfer.png 
2026-07-05T05:18:12+0800	save_plot	complete	I:\shengxinfenxi\bioinformatics-reproduction\projects\pan-cancer-mono-mac\desktop_exchange\uploads\20260704_fig4a_gse306459_formal_snatac\pc_formal_fig4a_results/figures/fig4a_formal_umap_by_library.png 
2026-07-05T05:18:16+0800	save_plot	complete	I:\shengxinfenxi\bioinformatics-reproduction\projects\pan-cancer-mono-mac\desktop_exchange\uploads\20260704_fig4a_gse306459_formal_snatac\pc_formal_fig4a_results/figures/fig4a_formal_umap_by_tissue_group.png 
2026-07-05T05:18:19+0800	save_plot	complete	I:\shengxinfenxi\bioinformatics-reproduction\projects\pan-cancer-mono-mac\desktop_exchange\uploads\20260704_fig4a_gse306459_formal_snatac\pc_formal_fig4a_results/figures/fig4a_formal_umap_prediction_score.png 
2026-07-05T05:18:19+0800	complete	complete	output_dir=I:\shengxinfenxi\bioinformatics-reproduction\projects\pan-cancer-mono-mac\desktop_exchange\uploads\20260704_fig4a_gse306459_formal_snatac\pc_formal_fig4a_results 
